################################################################################
#                                                                              #
#      IAR Universal Linker V6.5.1.95                                          #
#                                                                              #
#           Link time     =  16/Apr/2019  19:14:05                             #
#           Target CPU    =  MSP430                                            #
#           List file     =  D:\J大三春\41创新项目综合训练（二）\1.水稻飞虱\ne #
#                            wcode\Debug\List\newproject.map                   #
#           Output file 1 =  D:\J大三春\41创新项目综合训练（二）\1.水稻飞虱\ne #
#                            wcode\Debug\Exe\newproject.d43                    #
#                            Format: ubrof10                                   #
#                            UBROF version 10.0.6                              #
#                            Using library modules for C-SPY (-rt)             #
#           Command line  =  -f C:\WINDOWS\TEMP\EWAB1E.tmp                     #
#                            (D:\J大三春\41创新项目综合训练（二）\1.水稻飞虱\n #
#                            ewcode\Debug\Obj\main.r43                         #
#                            -o                                                #
#                            D:\J大三春\41创新项目综合训练（二）\1.水稻飞虱\ne #
#                            wcode\Debug\Exe\newproject.d43                    #
#                            -l                                                #
#                            D:\J大三春\41创新项目综合训练（二）\1.水稻飞虱\ne #
#                            wcode\Debug\List\newproject.map                   #
#                            -xms                                              #
#                            "-IC:\Program Files (x86)\IAR Systems\Embedded Wo #
#                            rkbench 8.0\430\LIB\"                             #
#                            -f                                                #
#                            "C:\Program Files (x86)\IAR Systems\Embedded Work #
#                            bench 8.0\430\config\linker\lnk430f5438a.xcl"     #
#                            (-cmsp430 -D?CPU30_OFFSET=2 -QCODE_I=CODE_ID      #
#                            -QTLS16_I=TLS16_ID -D__iar_HWMUL=4C0              #
#                            -Z(CONST)INFO=1800-19FF                           #
#                            -Z(CONST)INFOA=1980-19FF                          #
#                            -Z(CONST)INFOB=1900-197F                          #
#                            -Z(CONST)INFOC=1880-18FF                          #
#                            -Z(CONST)INFOD=1800-187F                          #
#                            -Z(DATA)DATA16_I,DATA16_Z,DATA16_N,TLS16_I=1C00-5 #
#                            BFF                                               #
#                            -Z(DATA)DATA16_HEAP+_DATA16_HEAP_SIZE             #
#                            -Z(DATA)CODE_I                                    #
#                            -Z(DATA)DATA20_I,DATA20_Z,DATA20_N,DATA20_HEAP+_D #
#                            ATA20_HEAP_SIZE                                   #
#                            -Z(DATA)CSTACK+_STACK_SIZE#                       #
#                            -Z(CONST)DATA16_C,DATA16_ID,TLS16_ID,DIFUNCT,CHEC #
#                            KSUM=5C00-FF7F                                    #
#                            -Z(CODE)CSTART,ISR_CODE,CODE16=5C00-FF7F          #
#                            -P(CODE)CODE=5C00-FF7F,10000-45BFF                #
#                            -Z(CONST)DATA20_C,DATA20_ID,CODE_ID=5C00-FF7F,100 #
#                            40-45BFF                                          #
#                            -Z(CODE)INTVEC=FF80-FFFF                          #
#                            -Z(CODE)RESET=FFFE-FFFF) -f                       #
#                            "C:\Program Files (x86)\IAR Systems\Embedded Work #
#                            bench 8.0\430\config\linker\multiplier32.xcl"     #
#                            (-e?Mul8Hw=?Mul8 -e?Mul16Hw=?Mul16                #
#                            -e?Mul16to32uHw=?Mul16to32u                       #
#                            -e?Mul16to32sHw=?Mul16to32s -e?Mul32Hw32=?Mul32   #
#                            -e?Mul64Hw32=_Mul64i                              #
#                            -e?Mul32u32uto64iHw32=_Mul32u32uto64i             #
#                            -e?Mul32fHw32=_Mul32f                             #
#                            -e_Mul64fHw32Ptr=_Mul64fPtr) -D_STACK_SIZE=A0     #
#                            -rt                                               #
#                            "C:\Program Files (x86)\IAR Systems\Embedded Work #
#                            bench 8.0\430\lib\dlib\dl430xlsfn.r43"            #
#                            -D_DATA16_HEAP_SIZE=A0 -s __program_start         #
#                            -D_DATA20_HEAP_SIZE=50)                           #
#                                                                              #
#                           Copyright (C) 1987-2016 IAR Systems AB.            #
################################################################################





                ****************************************
                *                                      *
                *           CROSS REFERENCE            *
                *                                      *
                ****************************************

       Program entry at :           5C02  Relocatable, from module : ?cstart




                ****************************************
                *                                      *
                *            RUNTIME MODEL             *
                *                                      *
                ****************************************

  __Heap_Handler             = Basic
  __SystemLibrary            = DLib
  __code_model               = large
  __core                     = 430X
  __data_model               = small
  __dlib_file_descriptor     = 0
  __dlib_full_locale_support = 0
  __double_size              = 32
  __pic                      = no
  __reg_r4                   = free
  __reg_r5                   = free
  __rt_version               = 3

                ****************************************
                *                                      *
                *    AUTOMATIC SYMBOL REDIRECTIONS     *
                *                                      *
                ****************************************

                  There are no automatic symbol redirections.



                ****************************************
                *                                      *
                *              MODULE MAP              *
                *                                      *
                ****************************************


  DEFINED ABSOLUTE ENTRIES
    *************************************************************************

  DEFINED ABSOLUTE ENTRIES
  PROGRAM MODULE, NAME : ?ABS_ENTRY_MOD

Absolute parts
           ENTRY                   ADDRESS         REF BY
           =====                   =======         ======
           _DATA20_HEAP_SIZE       0050 
           _DATA16_HEAP_SIZE       00A0 
           _STACK_SIZE             00A0 
           __iar_HWMUL             04C0 
           ?CPU30_OFFSET           0002 
    *************************************************************************

  FILE NAME : D:\J大三春\41创新项目综合训练（二）\1.水稻飞虱\newcode\Debug\Obj\main.r43
  PROGRAM MODULE, NAME : main

  SEGMENTS IN THE MODULE
  ======================
DATA16_AN
  Relative segment, address: 0200 - 0201 (0x2 bytes), align: 0
  Segment part 1. ROOT 
           ENTRY                   ADDRESS         REF BY
           =====                   =======         ======
           _A_PAIN_L               0200 
           LOCAL                   ADDRESS         
           =====                   =======         
           PAIN                    0200 
           PAIN_H                  0201 
           PAIN_L                  0200 
    -------------------------------------------------------------------------
DATA16_AN
  Relative segment, address: 0202 - 0203 (0x2 bytes), align: 0
  Segment part 2. ROOT        Intra module refs:   LedRedOff
                                                   LedRedOn
                                                   LowPowerPinInit
                                                   RFCtlLineInit
           ENTRY                   ADDRESS         REF BY
           =====                   =======         ======
           _A_PAOUT_L              0202 
           LOCAL                   ADDRESS         
           =====                   =======         
           PAOUT                   0202 
           PAOUT_H                 0203 
           PAOUT_L                 0202 
    -------------------------------------------------------------------------
DATA16_AN
  Relative segment, address: 0204 - 0205 (0x2 bytes), align: 0
  Segment part 3. ROOT        Intra module refs:   LedRedOff
                                                   LedRedOn
                                                   LowPowerPinInit
                                                   RFCtlLineInit
           ENTRY                   ADDRESS         REF BY
           =====                   =======         ======
           _A_PADIR_L              0204 
           LOCAL                   ADDRESS         
           =====                   =======         
           PADIR                   0204 
           PADIR_H                 0205 
           PADIR_L                 0204 
    -------------------------------------------------------------------------
DATA16_AN
  Relative segment, address: 0206 - 0207 (0x2 bytes), align: 0
  Segment part 4. ROOT        Intra module refs:   LowPowerPinInit
                                                   RFCtlLineInit
           ENTRY                   ADDRESS         REF BY
           =====                   =======         ======
           _A_PAREN_L              0206 
           LOCAL                   ADDRESS         
           =====                   =======         
           PAREN                   0206 
           PAREN_H                 0207 
           PAREN_L                 0206 
    -------------------------------------------------------------------------
DATA16_AN
  Relative segment, address: 0218 - 0219 (0x2 bytes), align: 0
  Segment part 5. ROOT        Intra module refs:   RFCtlLineInit
           ENTRY                   ADDRESS         REF BY
           =====                   =======         ======
           _A_PAIES_L              0218 
           LOCAL                   ADDRESS         
           =====                   =======         
           PAIES                   0218 
           PAIES_H                 0219 
           PAIES_L                 0218 
    -------------------------------------------------------------------------
DATA16_AN
  Relative segment, address: 021A - 021B (0x2 bytes), align: 0
  Segment part 6. ROOT        Intra module refs:   RFCtlLineInit
           ENTRY                   ADDRESS         REF BY
           =====                   =======         ======
           _A_PAIE_L               021A 
           LOCAL                   ADDRESS         
           =====                   =======         
           PAIE                    021A 
           PAIE_H                  021B 
           PAIE_L                  021A 
    -------------------------------------------------------------------------
DATA16_AN
  Relative segment, address: 021C - 021D (0x2 bytes), align: 0
  Segment part 7. ROOT        Intra module refs:   RFCtlLineInit
           ENTRY                   ADDRESS         REF BY
           =====                   =======         ======
           _A_PAIFG_L              021C 
           LOCAL                   ADDRESS         
           =====                   =======         
           PAIFG                   021C 
           PAIFG_H                 021D 
           PAIFG_L                 021C 
    -------------------------------------------------------------------------
DATA16_AN
  Relative segment, address: 0222 - 0223 (0x2 bytes), align: 0
  Segment part 8. ROOT        Intra module refs:   LowPowerPinInit
           ENTRY                   ADDRESS         REF BY
           =====                   =======         ======
           _A_PBOUT_L              0222 
           LOCAL                   ADDRESS         
           =====                   =======         
           PBOUT                   0222 
           PBOUT_H                 0223 
           PBOUT_L                 0222 
    -------------------------------------------------------------------------
DATA16_AN
  Relative segment, address: 0224 - 0225 (0x2 bytes), align: 0
  Segment part 9. ROOT        Intra module refs:   LowPowerPinInit
           ENTRY                   ADDRESS         REF BY
           =====                   =======         ======
           _A_PBDIR_L              0224 
           LOCAL                   ADDRESS         
           =====                   =======         
           PBDIR                   0224 
           PBDIR_H                 0225 
           PBDIR_L                 0224 
    -------------------------------------------------------------------------
DATA16_AN
  Relative segment, address: 0226 - 0227 (0x2 bytes), align: 0
  Segment part 10. ROOT       Intra module refs:   LowPowerPinInit
           ENTRY                   ADDRESS         REF BY
           =====                   =======         ======
           _A_PBREN_L              0226 
           LOCAL                   ADDRESS         
           =====                   =======         
           PBREN                   0226 
           PBREN_H                 0227 
           PBREN_L                 0226 
    -------------------------------------------------------------------------
DATA16_AN
  Relative segment, address: 0242 - 0243 (0x2 bytes), align: 0
  Segment part 11. ROOT       Intra module refs:   LowPowerPinInit
           ENTRY                   ADDRESS         REF BY
           =====                   =======         ======
           _A_PCOUT_L              0242 
           LOCAL                   ADDRESS         
           =====                   =======         
           PCOUT                   0242 
           PCOUT_H                 0243 
           PCOUT_L                 0242 
    -------------------------------------------------------------------------
DATA16_AN
  Relative segment, address: 0244 - 0245 (0x2 bytes), align: 0
  Segment part 12. ROOT       Intra module refs:   LowPowerPinInit
           ENTRY                   ADDRESS         REF BY
           =====                   =======         ======
           _A_PCDIR_L              0244 
           LOCAL                   ADDRESS         
           =====                   =======         
           PCDIR                   0244 
           PCDIR_H                 0245 
           PCDIR_L                 0244 
    -------------------------------------------------------------------------
DATA16_AN
  Relative segment, address: 0246 - 0247 (0x2 bytes), align: 0
  Segment part 13. ROOT       Intra module refs:   LowPowerPinInit
           ENTRY                   ADDRESS         REF BY
           =====                   =======         ======
           _A_PCREN_L              0246 
           LOCAL                   ADDRESS         
           =====                   =======         
           PCREN                   0246 
           PCREN_H                 0247 
           PCREN_L                 0246 
    -------------------------------------------------------------------------
DATA16_AN
  Relative segment, address: 024A - 024B (0x2 bytes), align: 0
  Segment part 14. ROOT       Intra module refs:   SetDCOClk
                                                   SetXT2ClkOn
           ENTRY                   ADDRESS         REF BY
           =====                   =======         ======
           _A_PCSEL_L              024A 
           LOCAL                   ADDRESS         
           =====                   =======         
           PCSEL                   024A 
           PCSEL_H                 024B 
           PCSEL_L                 024A 
    -------------------------------------------------------------------------
DATA16_AN
  Relative segment, address: 0260 - 0261 (0x2 bytes), align: 0
  Segment part 15. ROOT       Intra module refs:   API_GetResponseofSendData
           ENTRY                   ADDRESS         REF BY
           =====                   =======         ======
           _A_PDIN_L               0260 
           LOCAL                   ADDRESS         
           =====                   =======         
           PDIN                    0260 
           PDIN_H                  0261 
           PDIN_L                  0260 
    -------------------------------------------------------------------------
DATA16_AN
  Relative segment, address: 0262 - 0263 (0x2 bytes), align: 0
  Segment part 16. ROOT       Intra module refs:   API_GetResponse
                                                   API_GetResponseofSendData
                                                   API_SendCommand
                                                   API_SendDataByte
                                                   API_SendDataNoResponse
                                                   LowPowerPinInit
                                                   RFCtlLineInit
                                                   SetRFOff
                                                   SetRFOn
           ENTRY                   ADDRESS         REF BY
           =====                   =======         ======
           _A_PDOUT_L              0262 
           LOCAL                   ADDRESS         
           =====                   =======         
           PDOUT                   0262 
           PDOUT_H                 0263 
           PDOUT_L                 0262 
    -------------------------------------------------------------------------
DATA16_AN
  Relative segment, address: 0264 - 0265 (0x2 bytes), align: 0
  Segment part 17. ROOT       Intra module refs:   LowPowerPinInit
                                                   RFCtlLineInit
           ENTRY                   ADDRESS         REF BY
           =====                   =======         ======
           _A_PDDIR_L              0264 
           LOCAL                   ADDRESS         
           =====                   =======         
           PDDIR                   0264 
           PDDIR_H                 0265 
           PDDIR_L                 0264 
    -------------------------------------------------------------------------
DATA16_AN
  Relative segment, address: 0266 - 0267 (0x2 bytes), align: 0
  Segment part 18. ROOT       Intra module refs:   LowPowerPinInit
                                                   RFCtlLineInit
           ENTRY                   ADDRESS         REF BY
           =====                   =======         ======
           _A_PDREN_L              0266 
           LOCAL                   ADDRESS         
           =====                   =======         
           PDREN                   0266 
           PDREN_H                 0267 
           PDREN_L                 0266 
    -------------------------------------------------------------------------
DATA16_AN
  Relative segment, address: 026A - 026B (0x2 bytes), align: 0
  Segment part 19. ROOT       Intra module refs:   SetDCOClk
                                                   SetXT2ClkOn
           ENTRY                   ADDRESS         REF BY
           =====                   =======         ======
           _A_PDSEL_L              026A 
           LOCAL                   ADDRESS         
           =====                   =======         
           PDSEL                   026A 
           PDSEL_H                 026B 
           PDSEL_L                 026A 
    -------------------------------------------------------------------------
DATA16_AN
  Relative segment, address: 0282 - 0283 (0x2 bytes), align: 0
  Segment part 20. ROOT       Intra module refs:   LowPowerPinInit
           ENTRY                   ADDRESS         REF BY
           =====                   =======         ======
           _A_PEOUT_L              0282 
           LOCAL                   ADDRESS         
           =====                   =======         
           PEOUT                   0282 
           PEOUT_H                 0283 
           PEOUT_L                 0282 
    -------------------------------------------------------------------------
DATA16_AN
  Relative segment, address: 0284 - 0285 (0x2 bytes), align: 0
  Segment part 21. ROOT       Intra module refs:   LowPowerPinInit
           ENTRY                   ADDRESS         REF BY
           =====                   =======         ======
           _A_PEDIR_L              0284 
           LOCAL                   ADDRESS         
           =====                   =======         
           PEDIR                   0284 
           PEDIR_H                 0285 
           PEDIR_L                 0284 
    -------------------------------------------------------------------------
DATA16_AN
  Relative segment, address: 0286 - 0287 (0x2 bytes), align: 0
  Segment part 22. ROOT       Intra module refs:   LowPowerPinInit
           ENTRY                   ADDRESS         REF BY
           =====                   =======         ======
           _A_PEREN_L              0286 
           LOCAL                   ADDRESS         
           =====                   =======         
           PEREN                   0286 
           PEREN_H                 0287 
           PEREN_L                 0286 
    -------------------------------------------------------------------------
DATA16_AN
  Relative segment, address: 02A2 - 02A3 (0x2 bytes), align: 0
  Segment part 23. ROOT       Intra module refs:   LowPowerPinInit
           ENTRY                   ADDRESS         REF BY
           =====                   =======         ======
           _A_PFOUT_L              02A2 
           LOCAL                   ADDRESS         
           =====                   =======         
           PFOUT                   02A2 
           PFOUT_H                 02A3 
           PFOUT_L                 02A2 
    -------------------------------------------------------------------------
DATA16_AN
  Relative segment, address: 02A4 - 02A5 (0x2 bytes), align: 0
  Segment part 24. ROOT       Intra module refs:   LowPowerPinInit
           ENTRY                   ADDRESS         REF BY
           =====                   =======         ======
           _A_PFDIR_L              02A4 
           LOCAL                   ADDRESS         
           =====                   =======         
           PFDIR                   02A4 
           PFDIR_H                 02A5 
           PFDIR_L                 02A4 
    -------------------------------------------------------------------------
DATA16_AN
  Relative segment, address: 02A6 - 02A7 (0x2 bytes), align: 0
  Segment part 25. ROOT       Intra module refs:   LowPowerPinInit
           ENTRY                   ADDRESS         REF BY
           =====                   =======         ======
           _A_PFREN_L              02A6 
           LOCAL                   ADDRESS         
           =====                   =======         
           PFREN                   02A6 
           PFREN_H                 02A7 
           PFREN_L                 02A6 
    -------------------------------------------------------------------------
DATA16_AN
  Relative segment, address: 0322 - 0323 (0x2 bytes), align: 0
  Segment part 26. ROOT       Intra module refs:   LowPowerPinInit
           ENTRY                   ADDRESS         REF BY
           =====                   =======         ======
           _A_PJOUT_L              0322 
           LOCAL                   ADDRESS         
           =====                   =======         
           PJOUT                   0322 
           PJOUT_H                 0323 
           PJOUT_L                 0322 
    -------------------------------------------------------------------------
DATA16_AN
  Relative segment, address: 0324 - 0325 (0x2 bytes), align: 0
  Segment part 27. ROOT       Intra module refs:   LowPowerPinInit
           ENTRY                   ADDRESS         REF BY
           =====                   =======         ======
           _A_PJDIR_L              0324 
           LOCAL                   ADDRESS         
           =====                   =======         
           PJDIR                   0324 
           PJDIR_H                 0325 
           PJDIR_L                 0324 
    -------------------------------------------------------------------------
DATA16_AN
  Relative segment, address: 0326 - 0327 (0x2 bytes), align: 0
  Segment part 28. ROOT       Intra module refs:   LowPowerPinInit
           ENTRY                   ADDRESS         REF BY
           =====                   =======         ======
           _A_PJREN_L              0326 
           LOCAL                   ADDRESS         
           =====                   =======         
           PJREN                   0326 
           PJREN_H                 0327 
           PJREN_L                 0326 
    -------------------------------------------------------------------------
DATA16_AN
  Relative segment, address: 0100 - 0101 (0x2 bytes), align: 0
  Segment part 29. ROOT       Intra module refs:   InitClk
           ENTRY                   ADDRESS         REF BY
           =====                   =======         ======
           _A_SFRIE1_L             0100 
           LOCAL                   ADDRESS         
           =====                   =======         
           SFRIE1                  0100 
           SFRIE1_H                0101 
           SFRIE1_L                0100 
    -------------------------------------------------------------------------
DATA16_AN
  Relative segment, address: 0102 - 0103 (0x2 bytes), align: 0
  Segment part 30. ROOT       Intra module refs:   SetDCOClk
                                                   SetXT2ClkOn
           ENTRY                   ADDRESS         REF BY
           =====                   =======         ======
           _A_SFRIFG1_L            0102 
           LOCAL                   ADDRESS         
           =====                   =======         
           SFRIFG1                 0102 
           SFRIFG1_H               0103 
           SFRIFG1_L               0102 
    -------------------------------------------------------------------------
DATA16_AN
  Relative segment, address: 0160 - 0161 (0x2 bytes), align: 0
  Segment part 31. ROOT       Intra module refs:   SetDCOClk
                                                   SetXT2ClkOn
           ENTRY                   ADDRESS         REF BY
           =====                   =======         ======
           _A_UCSCTL0_L            0160 
           LOCAL                   ADDRESS         
           =====                   =======         
           UCSCTL0                 0160 
           UCSCTL0_H               0161 
           UCSCTL0_L               0160 
    -------------------------------------------------------------------------
DATA16_AN
  Relative segment, address: 0162 - 0163 (0x2 bytes), align: 0
  Segment part 32. ROOT       Intra module refs:   SetDCOClk
                                                   SetXT2ClkOn
           ENTRY                   ADDRESS         REF BY
           =====                   =======         ======
           _A_UCSCTL1_L            0162 
           LOCAL                   ADDRESS         
           =====                   =======         
           UCSCTL1                 0162 
           UCSCTL1_H               0163 
           UCSCTL1_L               0162 
    -------------------------------------------------------------------------
DATA16_AN
  Relative segment, address: 0164 - 0165 (0x2 bytes), align: 0
  Segment part 33. ROOT       Intra module refs:   SetDCOClk
                                                   SetXT2ClkOn
           ENTRY                   ADDRESS         REF BY
           =====                   =======         ======
           _A_UCSCTL2_L            0164 
           LOCAL                   ADDRESS         
           =====                   =======         
           UCSCTL2                 0164 
           UCSCTL2_H               0165 
           UCSCTL2_L               0164 
    -------------------------------------------------------------------------
DATA16_AN
  Relative segment, address: 0166 - 0167 (0x2 bytes), align: 0
  Segment part 34. ROOT       Intra module refs:   SetDCOClk
                                                   SetXT2ClkOn
           ENTRY                   ADDRESS         REF BY
           =====                   =======         ======
           _A_UCSCTL3_L            0166 
           LOCAL                   ADDRESS         
           =====                   =======         
           UCSCTL3                 0166 
           UCSCTL3_H               0167 
           UCSCTL3_L               0166 
    -------------------------------------------------------------------------
DATA16_AN
  Relative segment, address: 0168 - 0169 (0x2 bytes), align: 0
  Segment part 35. ROOT       Intra module refs:   SetDCOClk
                                                   SetXT2ClkOn
           ENTRY                   ADDRESS         REF BY
           =====                   =======         ======
           _A_UCSCTL4_L            0168 
           LOCAL                   ADDRESS         
           =====                   =======         
           UCSCTL4                 0168 
           UCSCTL4_H               0169 
           UCSCTL4_L               0168 
    -------------------------------------------------------------------------
DATA16_AN
  Relative segment, address: 016C - 016D (0x2 bytes), align: 0
  Segment part 36. ROOT       Intra module refs:   SetDCOClk
                                                   SetXT2ClkOn
           ENTRY                   ADDRESS         REF BY
           =====                   =======         ======
           _A_UCSCTL6_L            016C 
           LOCAL                   ADDRESS         
           =====                   =======         
           UCSCTL6                 016C 
           UCSCTL6_H               016D 
           UCSCTL6_L               016C 
    -------------------------------------------------------------------------
DATA16_AN
  Relative segment, address: 016E - 016F (0x2 bytes), align: 0
  Segment part 37. ROOT       Intra module refs:   SetDCOClk
                                                   SetXT2ClkOn
           ENTRY                   ADDRESS         REF BY
           =====                   =======         ======
           _A_UCSCTL7_L            016E 
           LOCAL                   ADDRESS         
           =====                   =======         
           UCSCTL7                 016E 
           UCSCTL7_H               016F 
           UCSCTL7_L               016E 
    -------------------------------------------------------------------------
DATA16_AN
  Relative segment, address: 015C - 015D (0x2 bytes), align: 0
  Segment part 38. ROOT       Intra module refs:   InitClk
                                                   main
           ENTRY                   ADDRESS         REF BY
           =====                   =======         ======
           _A_WDTCTL_L             015C 
           LOCAL                   ADDRESS         
           =====                   =======         
           WDTCTL                  015C 
           WDTCTL_H                015D 
           WDTCTL_L                015C 
    -------------------------------------------------------------------------
DATA16_Z
  Relative segment, address: 1C02 - 1C02 (0x1 bytes), align: 0
  Segment part 41.            Intra module refs:   SetDCOClk
                                                   SetXT2ClkOn
           ENTRY                   ADDRESS         REF BY
           =====                   =======         ======
           g_uchPHYXt2Flag         1C02 
    -------------------------------------------------------------------------
DATA16_I
  Relative segment, address: 1C00 - 1C00 (0x1 bytes), align: 0
  Segment part 42.            Intra module refs:   InitClk
                                                   InitSystem
           ENTRY                   ADDRESS         REF BY
           =====                   =======         ======
           g_uchPHYSMclkSel        1C00 
    -------------------------------------------------------------------------
DATA16_I
  Relative segment, address: 1C01 - 1C01 (0x1 bytes), align: 0
  Segment part 44.            Intra module refs:   InitSystem
           ENTRY                   ADDRESS         REF BY
           =====                   =======         ======
           g_uchPHYSMclkSet        1C01 
    -------------------------------------------------------------------------
<CODE> 1 (was CODE)
  Relative segment, address: 5C2A - 5CBF (0x96 bytes), align: 1
  Segment part 47.            Intra module refs:   InitSystem
           ENTRY                   ADDRESS         REF BY
           =====                   =======         ======
           LowPowerPinInit         5C2A 
    -------------------------------------------------------------------------
<CODE> 1 (was CODE)
  Relative segment, address: 5E0E - 5E6F (0x62 bytes), align: 1
  Segment part 48.            Intra module refs:   InitClk
           ENTRY                   ADDRESS         REF BY
           =====                   =======         ======
           SetDCOClk               5E0E 
    -------------------------------------------------------------------------
<CODE> 1 (was CODE)
  Relative segment, address: 5DAC - 5E0D (0x62 bytes), align: 1
  Segment part 49.            Intra module refs:   InitClk
           ENTRY                   ADDRESS         REF BY
           =====                   =======         ======
           SetXT2ClkOn             5DAC 
    -------------------------------------------------------------------------
<CODE> 1 (was CODE)
  Relative segment, address: 5F90 - 5FB7 (0x28 bytes), align: 1
  Segment part 50.            Intra module refs:   InitSystem
           ENTRY                   ADDRESS         REF BY
           =====                   =======         ======
           InitClk                 5F90 
               calls direct
    -------------------------------------------------------------------------
<CODE> 1 (was CODE)
  Relative segment, address: 6062 - 606D (0xc bytes), align: 1
  Segment part 51.            Intra module refs:   HWResetRF
                                                   SetRFOn
           ENTRY                   ADDRESS         REF BY
           =====                   =======         ======
           PHYMCLKSoftDelay1ms     6062 
    -------------------------------------------------------------------------
<CODE> 1 (was CODE)
  Relative segment, address: 5FB8 - 5FDB (0x24 bytes), align: 1
  Segment part 54.            Intra module refs:   API_GetResponse
           ENTRY                   ADDRESS         REF BY
           =====                   =======         ======
           API_SendDataByte        5FB8 
    -------------------------------------------------------------------------
<CODE> 1 (was CODE)
  Relative segment, address: 5F04 - 5F33 (0x30 bytes), align: 1
  Segment part 55.            Intra module refs:   API_SendCommand
           ENTRY                   ADDRESS         REF BY
           =====                   =======         ======
           API_SendDataNoResponse
                                   5F04 
    -------------------------------------------------------------------------
<CODE> 1 (was CODE)
  Relative segment, address: 5F34 - 5F63 (0x30 bytes), align: 1
  Segment part 56.            Intra module refs:   API_GetResponse
           ENTRY                   ADDRESS         REF BY
           =====                   =======         ======
           API_GetResponseofSendData
                                   5F34 
    -------------------------------------------------------------------------
<CODE> 1 (was CODE)
  Relative segment, address: 6044 - 6053 (0x10 bytes), align: 1
  Segment part 57.            Intra module refs:   API_Get_All_IntStatus
                                                   API_PART_INFO
           ENTRY                   ADDRESS         REF BY
           =====                   =======         ======
           API_SendCommand         6044 
               calls direct
    -------------------------------------------------------------------------
<CODE> 1 (was CODE)
  Relative segment, address: 5E70 - 5EC5 (0x56 bytes), align: 1
  Segment part 58.            Intra module refs:   API_Get_All_IntStatus
                                                   API_PART_INFO
           ENTRY                   ADDRESS         REF BY
           =====                   =======         ======
           API_GetResponse         5E70 
               calls direct
    -------------------------------------------------------------------------
<CODE> 1 (was CODE)
  Relative segment, address: 5D38 - 5DAB (0x74 bytes), align: 1
  Segment part 60.            Intra module refs:   HWResetRF
           ENTRY                   ADDRESS         REF BY
           =====                   =======         ======
           RFCtlLineInit           5D38 
    -------------------------------------------------------------------------
<CODE> 1 (was CODE)
  Relative segment, address: 5EC6 - 5F03 (0x3e bytes), align: 1
  Segment part 61.            Intra module refs:   HWResetRF
           ENTRY                   ADDRESS         REF BY
           =====                   =======         ======
           API_Get_All_IntStatus   5EC6 
               calls direct
    -------------------------------------------------------------------------
<CODE> 1 (was CODE)
  Relative segment, address: 5F64 - 5F8F (0x2c bytes), align: 1
  Segment part 66.            Intra module refs:   HWResetRF
           ENTRY                   ADDRESS         REF BY
           =====                   =======         ======
           API_PART_INFO           5F64 
               calls direct
    -------------------------------------------------------------------------
DATA16_Z
  Relative segment, address: 1C03 - 1C03 (0x1 bytes), align: 0
  Segment part 46.            Intra module refs:   SetRFOff
                                                   SetRFOn
           ENTRY                   ADDRESS         REF BY
           =====                   =======         ======
           g_uchrRFMode            1C03 
    -------------------------------------------------------------------------
<CODE> 1 (was CODE)
  Relative segment, address: 606E - 6077 (0xa bytes), align: 1
  Segment part 83.            Intra module refs:   HWResetRF
           ENTRY                   ADDRESS         REF BY
           =====                   =======         ======
           LedRedOn                606E 
    -------------------------------------------------------------------------
<CODE> 1 (was CODE)
  Relative segment, address: 6082 - 608B (0xa bytes), align: 1
  Segment part 84.            Intra module refs:   HWResetRF
           ENTRY                   ADDRESS         REF BY
           =====                   =======         ======
           LedRedOff               6082 
    -------------------------------------------------------------------------
<CODE> 1 (was CODE)
  Relative segment, address: 6078 - 6081 (0xa bytes), align: 1
  Segment part 86.            Intra module refs:   HWResetRF
           ENTRY                   ADDRESS         REF BY
           =====                   =======         ======
           SetRFOff                6078 
    -------------------------------------------------------------------------
<CODE> 1 (was CODE)
  Relative segment, address: 5FDC - 5FF9 (0x1e bytes), align: 1
  Segment part 87.            Intra module refs:   HWResetRF
           ENTRY                   ADDRESS         REF BY
           =====                   =======         ======
           SetRFOn                 5FDC 
               calls direct
    -------------------------------------------------------------------------
<CODE> 1 (was CODE)
  Relative segment, address: 5CC0 - 5D37 (0x78 bytes), align: 1
  Segment part 88.            Intra module refs:   InitSystem
           ENTRY                   ADDRESS         REF BY
           =====                   =======         ======
           HWResetRF               5CC0 
               calls direct
    -------------------------------------------------------------------------
<CODE> 1 (was CODE)
  Relative segment, address: 5FFA - 600D (0x14 bytes), align: 1
  Segment part 108.           Intra module refs:   main
           ENTRY                   ADDRESS         REF BY
           =====                   =======         ======
           InitSystem              5FFA 
               calls direct
    -------------------------------------------------------------------------
<CODE> 1 (was CODE)
  Relative segment, address: 6054 - 6061 (0xe bytes), align: 1
  Segment part 109.
           ENTRY                   ADDRESS         REF BY
           =====                   =======         ======
           main                    6054            Segment part 27 (?cstart)
               calls direct
    -------------------------------------------------------------------------
DATA16_ID
  Relative segment, address: 5C00 - 5C00 (0x1 bytes), align: 0
  Segment part 43.            Intra module refs:   g_uchPHYSMclkSel
    -------------------------------------------------------------------------
DATA16_ID
  Relative segment, address: 5C01 - 5C01 (0x1 bytes), align: 0
  Segment part 45.            Intra module refs:   g_uchPHYSMclkSet

    *************************************************************************

  FILE NAME : C:\Program Files (x86)\IAR Systems\Embedded Workbench 8.0\430\lib\dlib\dl430xlsfn.r43
  LIBRARY MODULE, NAME : ?__dbg_break

  SEGMENTS IN THE MODULE
  ======================
<CODE> 1 (was CODE)
  Relative segment, address: 6098 - 6099 (0x2 bytes), align: 1
  Segment part 2.
           ENTRY                   ADDRESS         REF BY
           =====                   =======         ======
           __DebugBreak            6098            __exit (?__exit)

    -------------------------------------------------------------------------
  LIBRARY MODULE, NAME : ?__exit

  SEGMENTS IN THE MODULE
  ======================
<CODE> 1 (was CODE)
  Relative segment, address: 600E - 6021 (0x14 bytes), align: 1
  Segment part 2.
           ENTRY                   ADDRESS         REF BY
           =====                   =======         ======
           __exit                  600E            Segment part 6 (?_exit)
                                                   _exit (?_exit)
               calls direct

    -------------------------------------------------------------------------
  LIBRARY MODULE, NAME : ?_exit

  SEGMENTS IN THE MODULE
  ======================
<CODE> 1 (was CODE)
  Relative segment, address: 608C, align: 1
  Segment part 0.
           ENTRY                   ADDRESS         REF BY
           =====                   =======         ======
           _exit                   608C            exit (?exit)
    -------------------------------------------------------------------------
<CODE> 1 (was CODE)
  Relative segment, address: 608C - 608F (0x4 bytes), align: 1
  Segment part 6.             Intra module refs:   _exit

    -------------------------------------------------------------------------
  LIBRARY MODULE, NAME : ?cstart

  SEGMENTS IN THE MODULE
  ======================
CSTACK
  Relative segment, address: 5B60, align: 1
  Segment part 1.
    -------------------------------------------------------------------------
DATA16_Z
  Relative segment, address: 1C02, align: 1
  Segment part 2.
    -------------------------------------------------------------------------
DATA16_I
  Relative segment, address: 1C00, align: 1
  Segment part 3.
    -------------------------------------------------------------------------
DATA16_ID
  Relative segment, address: 5C00, align: 1
  Segment part 4.
    -------------------------------------------------------------------------
CODE_I
  Relative segment, address: 1C04, align: 1
  Segment part 5.
    -------------------------------------------------------------------------
CODE_ID
  Relative segment, address: 609A, align: 1
  Segment part 6.
    -------------------------------------------------------------------------
DATA20_Z
  Relative segment, address: 1C04, align: 1
  Segment part 7.
    -------------------------------------------------------------------------
DATA20_I
  Relative segment, address: 1C04, align: 1
  Segment part 8.
    -------------------------------------------------------------------------
DATA20_ID
  Relative segment, address: 609A, align: 1
  Segment part 9.
    -------------------------------------------------------------------------
DATA20_C
  Relative segment, address: 609A, align: 1
  Segment part 10.
    -------------------------------------------------------------------------
DATA20_N
  Relative segment, address: 1C04, align: 1
  Segment part 12.
    -------------------------------------------------------------------------
CSTART
  Relative segment, address: 5C02 - 5C05 (0x4 bytes), align: 1
  Segment part 15.
           ENTRY                   ADDRESS         REF BY
           =====                   =======         ======
           __program_start         5C02            ?reset_vector (?reset_vector)
                                                   Absolute parts (?ABS_ENTRY_MOD)
           ?cstart_begin           5C02 
    -------------------------------------------------------------------------
CSTART
  Relative segment, address: 5C06 - 5C11 (0xc bytes), align: 1
  Segment part 20.
           ENTRY                   ADDRESS         REF BY
           =====                   =======         ======
           ?cstart_init_zero       5C06            g_uchPHYXt2Flag (main)
                                                   g_uchrRFMode (main)
    -------------------------------------------------------------------------
CSTART
  Relative segment, address: 5C12 - 5C21 (0x10 bytes), align: 1
  Segment part 21.
           ENTRY                   ADDRESS         REF BY
           =====                   =======         ======
           ?cstart_init_copy       5C12            g_uchPHYSMclkSel (main)
                                                   g_uchPHYSMclkSet (main)
    -------------------------------------------------------------------------
CSTART
  Relative segment, address: 5C22 - 5C29 (0x8 bytes), align: 1
  Segment part 27.            Intra module refs:   Segment part 15
           ENTRY                   ADDRESS         REF BY
           =====                   =======         ======
           ?cstart_call_main       5C22 
           ?cstart_end             5C2A 
    -------------------------------------------------------------------------
CODE_ID
  Relative segment, address: 609A, align: 1
  Segment part 28.            Intra module refs:   Segment part 5

    -------------------------------------------------------------------------
  LIBRARY MODULE, NAME : ?reset_vector

  SEGMENTS IN THE MODULE
  ======================
RESET
  Relative segment, address: FFFE - FFFF (0x2 bytes), align: 1
  Segment part 0.
           ENTRY                   ADDRESS         REF BY
           =====                   =======         ======
           ?reset_vector           FFFE            Segment part 15 (?cstart)

    -------------------------------------------------------------------------
  LIBRARY MODULE, NAME : ?exit

  SEGMENTS IN THE MODULE
  ======================
<CODE> 1 (was CODE)
  Relative segment, address: 6094 - 6097 (0x4 bytes), align: 1
  Segment part 2.
           ENTRY                   ADDRESS         REF BY
           =====                   =======         ======
           exit                    6094            Segment part 27 (?cstart)
               calls direct

    -------------------------------------------------------------------------
  LIBRARY MODULE, NAME : ?memcpy

  SEGMENTS IN THE MODULE
  ======================
<CODE> 1 (was CODE)
  Relative segment, address: 6022 - 6033 (0x12 bytes), align: 1
  Segment part 2.
           ENTRY                   ADDRESS         REF BY
           =====                   =======         ======
           memcpy                  6022            __data16_memcpy (?memzero)

    -------------------------------------------------------------------------
  LIBRARY MODULE, NAME : ?memzero

  SEGMENTS IN THE MODULE
  ======================
<CODE> 1 (was CODE)
  Relative segment, address: 6034 - 6043 (0x10 bytes), align: 1
  Segment part 2.
           ENTRY                   ADDRESS         REF BY
           =====                   =======         ======
           __data16_memzero        6034            ?cstart_init_zero (?cstart)
    -------------------------------------------------------------------------
<CODE> 1 (was CODE)
  Relative segment, address: 6090 - 6093 (0x4 bytes), align: 1
  Segment part 3.
           ENTRY                   ADDRESS         REF BY
           =====                   =======         ======
           __data16_memcpy         6090            ?cstart_init_copy (?cstart)
               calls direct




                ****************************************
                *                                      *
                *      SEGMENTS IN ADDRESS ORDER       *
                *                                      *
                ****************************************


SEGMENT              SPACE    START ADDRESS   END ADDRESS     SIZE  TYPE  ALIGN
=======              =====    =============   ===========     ====  ====  =====
DATA16_AN                              0100 - 0103               4   rel    0
                                       015C - 015D               2 
                                       0160 - 0169               A 
                                       016C - 016F               4 
                                       0200 - 0207               8 
                                       0218 - 021D               6 
                                       0222 - 0227               6 
                                       0242 - 0247               6 
                                       024A - 024B               2 
                                       0260 - 0267               8 
                                       026A - 026B               2 
                                       0282 - 0287               6 
                                       02A2 - 02A7               6 
                                       0322 - 0327               6 
DATA16_I                               1C00 - 1C01               2   rel    1
DATA16_Z                               1C02 - 1C03               2   rel    1
CODE_I                                    1C04                       rel    1
DATA20_I                                  1C04                       rel    1
DATA20_N                                  1C04                       rel    1
DATA20_Z                                  1C04                       rel    1
CSTACK                                 5B60 - 5BFF              A0   rel    1
DATA16_C                                  5C00                       dse    0
DATA16_ID                              5C00 - 5C01               2   rel    1
CSTART                                 5C02 - 5C29              28   rel    1
<CODE> 1                               5C2A - 6099             470   rel    1
CODE_ID                                   609A                       rel    1
DATA20_ID                                 609A                       rel    1
DATA20_C                                  609A                       rel    1
RESET                                  FFFE - FFFF               2   rel    1

                ****************************************
                *                                      *
                *        END OF CROSS REFERENCE        *
                *                                      *
                ****************************************

 1 178 bytes of CODE  memory
   164 bytes of DATA  memory (+ 76 absolute )
     2 bytes of CONST memory

Errors: none
Warnings: none

